exports[`<TweetsList /> renders children 1`] = `
<ul>
  <Component
    data={
      Object {
        "created_at": "Mon Dec 12 21:23:22 +0000 2016",
        "id": 808422013928935400,
        "text": "RT @wwf_uk: 70% of Norway’s wolf population could be hunted &amp; killed this winter. Help @WWFNorge #SaveOurWolves:… ",
      }
    } />
</ul>
`;
